liam@sabrewing:~$ ls
Desktop  Documents  examples.desktop    Ideal-Repo  Pictures  PyPI  Templates
Dev      Downloads  git-class-activity  Music       Public    snap  Videos
liam@sabrewing:~$ cd Dev
liam@sabrewing:~/Dev$ 
liam@sabrewing:~/Dev$ ls
'Back End'   Currency_Exchange_Rates  'Example Bar Chart'   middle_income_population.ods
liam@sabrewing:~/Dev$ cd Currency_Exchange_Rates/
liam@sabrewing:~/Dev/Currency_Exchange_Rates$ ls
css                       Currency_Exchange.html  js         Screenshot_1.png
Currency_Conversions.ods  img                     README.md  Screenshot_2.png
liam@sabrewing:~/Dev/Currency_Exchange_Rates$ git status
On branch master

No commits yet

Untracked files:
  (use "git add <file>..." to include in what will be committed)

        Currency_Conversions.ods
        Currency_Exchange.html
        README.md
        Screenshot_1.png
        Screenshot_2.png
        css/
        img/

nothing added to commit but untracked files present (use "git add" to track)
liam@sabrewing:~/Dev/Currency_Exchange_Rates$ git add -A
liam@sabrewing:~/Dev/Currency_Exchange_Rates$ git commit -m "cleaned up folder for submission"
[master (root-commit) abcd30b] cleaned up folder for submission
 7 files changed, 140 insertions(+)
 create mode 100644 Currency_Conversions.ods
 create mode 100644 Currency_Exchange.html
 create mode 100644 README.md
 create mode 100644 Screenshot_1.png
 create mode 100644 Screenshot_2.png
 create mode 100644 css/stylesheet.css
 create mode 100644 img/color_transition_cityscape.jpg
liam@sabrewing:~/Dev/Currency_Exchange_Rates$ git status
On branch master                                                                                     
Your branch is based on 'origin/master', but the upstream is gone.                                   
  (use "git branch --unset-upstream" to fixup)                                                       
                                                                                                     
nothing to commit, working tree clean                                                                
liam@sabrewing:~/Dev/Currency_Exchange_Rates$ git push                                               
Username for 'https://github.com': LPatten                                                           
Password for 'https://LPatten@github.com':                                                           
To https://github.com/LPatten/Currency_Exchange_Rates.git                                            
 ! [rejected]        master -> master (fetch first)                                                  
error: failed to push some refs to 'https://github.com/LPatten/Currency_Exchange_Rates.git'          
hint: Updates were rejected because the remote contains work that you do                             
hint: not have locally. This is usually caused by another repository pushing                         
hint: to the same ref. You may want to first integrate the remote changes
hint: (e.g., 'git pull ...') before pushing again.
hint: See the 'Note about fast-forwards' in 'git push --help' for details.
liam@sabrewing:~/Dev/Currency_Exchange_Rates$ git pull
warning: no common commits
remote: Counting objects: 11, done.
remote: Compressing objects: 100% (9/9), done.
remote: Total 11 (delta 0), reused 11 (delta 0), pack-reused 0
Unpacking objects: 100% (11/11), done.
From https://github.com/LPatten/Currency_Exchange_Rates
 * [new branch]      master     -> origin/master
fatal: refusing to merge unrelated histories
liam@sabrewing:~/Dev/Currency_Exchange_Rates$ git push
Username for 'https://github.com': LPatten
Password for 'https://LPatten@github.com': 
To https://github.com/LPatten/Currency_Exchange_Rates.git
 ! [rejected]        master -> master (non-fast-forward)
error: failed to push some refs to 'https://github.com/LPatten/Currency_Exchange_Rates.git'
hint: Updates were rejected because the tip of your current branch is behind
hint: its remote counterpart. Integrate the remote changes (e.g.
hint: 'git pull ...') before pushing again.
hint: See the 'Note about fast-forwards' in 'git push --help' for details.
liam@sabrewing:~/Dev/Currency_Exchange_Rates$ git status
On branch master
Your branch and 'origin/master' have diverged,
and have 1 and 2 different commits each, respectively.
  (use "git pull" to merge the remote branch into yours)

nothing to commit, working tree clean
liam@sabrewing:~/Dev/Currency_Exchange_Rates$ git branch
* master
liam@sabrewing:~/Dev/Currency_Exchange_Rates$ git merge master
Already up to date.
liam@sabrewing:~/Dev/Currency_Exchange_Rates$ git status
On branch master
Your branch and 'origin/master' have diverged,
and have 1 and 2 different commits each, respectively.
  (use "git pull" to merge the remote branch into yours)

nothing to commit, working tree clean
liam@sabrewing:~/Dev/Currency_Exchange_Rates$ git pull
fatal: refusing to merge unrelated histories
liam@sabrewing:~/Dev/Currency_Exchange_Rates$ git status
On branch master
Your branch and 'origin/master' have diverged,
and have 1 and 2 different commits each, respectively.
  (use "git pull" to merge the remote branch into yours)

nothing to commit, working tree clean
liam@sabrewing:~/Dev/Currency_Exchange_Rates$ git push
Username for 'https://github.com': LPatten
Password for 'https://LPatten@github.com': 
To https://github.com/LPatten/Currency_Exchange_Rates.git
 ! [rejected]        master -> master (non-fast-forward)
error: failed to push some refs to 'https://github.com/LPatten/Currency_Exchange_Rates.git'
hint: Updates were rejected because the tip of your current branch is behind
hint: its remote counterpart. Integrate the remote changes (e.g.
hint: 'git pull ...') before pushing again.
hint: See the 'Note about fast-forwards' in 'git push --help' for details.
liam@sabrewing:~/Dev/Currency_Exchange_Rates$ git pull
fatal: refusing to merge unrelated histories
liam@sabrewing:~/Dev/Currency_Exchange_Rates$ 
